<html>
<body>
<pre>
<h1>µVision Build Log</h1>
<h2>Tool Versions:</h2>
IDE-Version: µVision V5.17.0.0
Copyright (C) 2015 ARM Ltd and ARM Germany GmbH. All rights reserved.
License Information: Minh Mai, Carleton University, LIC=----
 
Tool Versions:
Toolchain:       MDK-Lite  Version: 5.17
Toolchain Path:  C:\Keil_v5\ARM\ARMCC\Bin
C Compiler:      Armcc.exe V5.06 update 1 (build 61)
Assembler:       Armasm.exe V5.06 update 1 (build 61)
Linker/Locator:  ArmLink.exe V5.06 update 1 (build 61)
Library Manager: ArmAr.exe V5.06 update 1 (build 61)
Hex Converter:   FromElf.exe V5.06 update 1 (build 61)
CPU DLL:         SARMCM3.DLL V5.17
Dialog DLL:      DCM.DLL V1.13.4.0
Target DLL:      UL2CM3.DLL V1.156.1.0
Dialog DLL:      TCM.DLL V1.14.6.0
 
<h2>Project:</h2>
C:\Users\Minh Mai\OneDrive\MY STUDY\Fall 2015\SYSC 4906 - Special Topic\Labs\Lab 5\Lab5.uvprojx
Project File Date:  11/27/2015

<h2>Output:</h2>
*** Using Compiler 'V5.06 update 1 (build 61)', folder: 'C:\Keil_v5\ARM\ARMCC\Bin'
Build target 'Target 1'
assembling startup_TM4C123.s...
compiling audio_in.c...
compiling CU_system_TM4C123.c...
linking...
Program Size: Code=608 RO-data=652 RW-data=4 ZI-data=612  
".\Objects\Lab5.axf" - 0 Error(s), 0 Warning(s).

<h2>Software Packages used:</h2>

Package Vendor: ARM
                http://www.keil.com/pack/ARM.CMSIS.4.5.0.pack
                ARM::CMSIS:CORE:4.3.0
                CMSIS (Cortex Microcontroller Software Interface Standard)
   * Component: CORE Version: 4.3.0

Package Vendor: CU_SYSC4906
                http://www.sce.carleton.ca/CU_SYSC4906.LabF14_DFP.1.0.7.pack
                CU_SYSC4906::Device:Startup:1.0.0
                Support for SYSC4906 Lab
   * Component: Startup Version: 1.0.0

<h2>Collection of Component include folders:</h2>
  C:\Users\Minh Mai\OneDrive\MY STUDY\Fall 2015\SYSC 4906 - Special Topic\Labs\Lab 5\RTE
  C:\Users\Minh Mai\OneDrive\MY STUDY\Fall 2015\SYSC 4906 - Special Topic\Labs\Lab 5\RTE\Device\TM4C123GH6PM
  C:\Keil_v5\ARM\PACK\ARM\CMSIS\4.5.0\CMSIS\Include
  C:\Keil_v5\ARM\PACK\CU_SYSC4906\LabF14_DFP\1.0.7\Device\CU\Include\TM4C123

<h2>Collection of Component Files used:</h2>

   * Component: ARM::CMSIS:CORE:4.3.0

   * Component: CU_SYSC4906::Device:Startup:1.0.0
      Source file:   Device\Source\ARM\startup_TM4C123.s
      Include file:  Device\CU\Include\TM4C123\CU_TM4C123.h
      Include file:  Device\CU\Include\TM4C123\CU_TM4C123GH6PM.h
      Include file:  Device\CU\Include\TM4C123\CU_system_TM4C123.h
      Source file:   Device\CU\Source\TM4C123\CU_system_TM4C123.c
Build Time Elapsed:  00:00:02
</pre>
</body>
</html>
